Mock Version: 6.7
Using nspawn with args ['--capability=cap_ipc_lock', '--bind=/tmp/mock-resolv.6ow9n3zv:/etc/resolv.conf', '--bind=/dev/mapper/control', '--bind=/dev/fuse', '--bind=/dev/loop-control', '--bind=/dev/loop0', '--bind=/dev/loop1', '--bind=/dev/loop2', '--bind=/dev/loop3', '--bind=/dev/loop4', '--bind=/dev/loop5', '--bind=/dev/loop6', '--bind=/dev/loop7', '--bind=/dev/loop8', '--bind=/dev/loop9', '--bind=/dev/loop10', '--bind=/dev/loop11']
Executing command: ['/usr/bin/systemd-nspawn', '-q', '-M', '6cfff1cc1c86493b864cbe1042b0205f', '-D', '/var/lib/mock/alma+epel-10-x86_64/root', '-a', '-u', 'mockbuild', '--capability=cap_ipc_lock', '--bind=/tmp/mock-resolv.6ow9n3zv:/etc/resolv.conf', '--bind=/dev/mapper/control', '--bind=/dev/fuse', '--bind=/dev/loop-control', '--bind=/dev/loop0', '--bind=/dev/loop1', '--bind=/dev/loop2', '--bind=/dev/loop3', '--bind=/dev/loop4', '--bind=/dev/loop5', '--bind=/dev/loop6', '--bind=/dev/loop7', '--bind=/dev/loop8', '--bind=/dev/loop9', '--bind=/dev/loop10', '--bind=/dev/loop11', '--console=pipe', '--setenv=TERM=vt100', '--setenv=SHELL=/bin/bash', '--setenv=HOME=/builddir', '--setenv=HOSTNAME=mock', '--setenv=PATH=/usr/bin:/bin:/usr/sbin:/sbin', '--setenv=PROMPT_COMMAND=printf "\\033]0;<mock-chroot>\\007"', '--setenv=PS1=<mock-chroot> \\s-\\v\\$ ', '--setenv=LANG=C.UTF-8', '--resolv-conf=off', 'bash', '--login', '-c', '/usr/bin/rpmbuild -bs --noclean --target x86_64 --nodeps /builddir/build/SPECS/smbldap-tools.spec'] with env {'TERM': 'vt100', 'SHELL': '/bin/bash', 'HOME': '/builddir', 'HOSTNAME': 'mock', 'PATH': '/usr/bin:/bin:/usr/sbin:/sbin', 'PROMPT_COMMAND': 'printf "\\033]0;<mock-chroot>\\007"', 'PS1': '<mock-chroot> \\s-\\v\\$ ', 'LANG': 'C.UTF-8', 'SYSTEMD_NSPAWN_TMPFS_TMP': '0', 'SYSTEMD_SECCOMP': '0'} and shell False
Building target platforms: x86_64
Building for target x86_64
setting SOURCE_DATE_EPOCH=1689984000
Wrote: /builddir/build/SRPMS/smbldap-tools-0.9.11-25.el10.src.rpm
Child return code was: 0
Using nspawn with args ['--capability=cap_ipc_lock', '--bind=/tmp/mock-resolv.6ow9n3zv:/etc/resolv.conf', '--bind=/dev/mapper/control', '--bind=/dev/fuse', '--bind=/dev/loop-control', '--bind=/dev/loop0', '--bind=/dev/loop1', '--bind=/dev/loop2', '--bind=/dev/loop3', '--bind=/dev/loop4', '--bind=/dev/loop5', '--bind=/dev/loop6', '--bind=/dev/loop7', '--bind=/dev/loop8', '--bind=/dev/loop9', '--bind=/dev/loop10', '--bind=/dev/loop11']
Executing command: ['/usr/bin/systemd-nspawn', '-q', '-M', '037a96fc7082413882cd50ad8af530fa', '-D', '/var/lib/mock/alma+epel-10-x86_64/root', '-a', '-u', 'mockbuild', '--capability=cap_ipc_lock', '--bind=/tmp/mock-resolv.6ow9n3zv:/etc/resolv.conf', '--bind=/dev/mapper/control', '--bind=/dev/fuse', '--bind=/dev/loop-control', '--bind=/dev/loop0', '--bind=/dev/loop1', '--bind=/dev/loop2', '--bind=/dev/loop3', '--bind=/dev/loop4', '--bind=/dev/loop5', '--bind=/dev/loop6', '--bind=/dev/loop7', '--bind=/dev/loop8', '--bind=/dev/loop9', '--bind=/dev/loop10', '--bind=/dev/loop11', '--console=pipe', '--setenv=TERM=vt100', '--setenv=SHELL=/bin/bash', '--setenv=HOME=/builddir', '--setenv=HOSTNAME=mock', '--setenv=PATH=/usr/bin:/bin:/usr/sbin:/sbin', '--setenv=PROMPT_COMMAND=printf "\\033]0;<mock-chroot>\\007"', '--setenv=PS1=<mock-chroot> \\s-\\v\\$ ', '--setenv=LANG=C.UTF-8', '--resolv-conf=off', 'bash', '--login', '-c', '/usr/bin/rpmbuild -bs --noclean --target x86_64 --nodeps /builddir/build/SPECS/smbldap-tools.spec'] with env {'TERM': 'vt100', 'SHELL': '/bin/bash', 'HOME': '/builddir', 'HOSTNAME': 'mock', 'PATH': '/usr/bin:/bin:/usr/sbin:/sbin', 'PROMPT_COMMAND': 'printf "\\033]0;<mock-chroot>\\007"', 'PS1': '<mock-chroot> \\s-\\v\\$ ', 'LANG': 'C.UTF-8', 'SYSTEMD_NSPAWN_TMPFS_TMP': '0', 'SYSTEMD_SECCOMP': '0'} and shell False
Building target platforms: x86_64
Building for target x86_64
setting SOURCE_DATE_EPOCH=1689984000
Wrote: /builddir/build/SRPMS/smbldap-tools-0.9.11-25.el10.src.rpm
Child return code was: 0
Using nspawn with args ['--capability=cap_ipc_lock', '--bind=/tmp/mock-resolv.6ow9n3zv:/etc/resolv.conf', '--bind=/dev/mapper/control', '--bind=/dev/fuse', '--bind=/dev/loop-control', '--bind=/dev/loop0', '--bind=/dev/loop1', '--bind=/dev/loop2', '--bind=/dev/loop3', '--bind=/dev/loop4', '--bind=/dev/loop5', '--bind=/dev/loop6', '--bind=/dev/loop7', '--bind=/dev/loop8', '--bind=/dev/loop9', '--bind=/dev/loop10', '--bind=/dev/loop11']
Executing command: ['/usr/bin/systemd-nspawn', '-q', '-M', 'c279f2bfa3dd4b5886db2ad9e7f57159', '-D', '/var/lib/mock/alma+epel-10-x86_64/root', '-a', '-u', 'mockbuild', '--capability=cap_ipc_lock', '--bind=/tmp/mock-resolv.6ow9n3zv:/etc/resolv.conf', '--bind=/dev/mapper/control', '--bind=/dev/fuse', '--bind=/dev/loop-control', '--bind=/dev/loop0', '--bind=/dev/loop1', '--bind=/dev/loop2', '--bind=/dev/loop3', '--bind=/dev/loop4', '--bind=/dev/loop5', '--bind=/dev/loop6', '--bind=/dev/loop7', '--bind=/dev/loop8', '--bind=/dev/loop9', '--bind=/dev/loop10', '--bind=/dev/loop11', '--console=pipe', '--setenv=TERM=vt100', '--setenv=SHELL=/bin/bash', '--setenv=HOME=/builddir', '--setenv=HOSTNAME=mock', '--setenv=PATH=/usr/bin:/bin:/usr/sbin:/sbin', '--setenv=PROMPT_COMMAND=printf "\\033]0;<mock-chroot>\\007"', '--setenv=PS1=<mock-chroot> \\s-\\v\\$ ', '--setenv=LANG=C.UTF-8', '--resolv-conf=off', 'bash', '--login', '-c', '/usr/bin/rpmbuild -bb --noclean --target x86_64 --nodeps /builddir/build/SPECS/smbldap-tools.spec'] with env {'TERM': 'vt100', 'SHELL': '/bin/bash', 'HOME': '/builddir', 'HOSTNAME': 'mock', 'PATH': '/usr/bin:/bin:/usr/sbin:/sbin', 'PROMPT_COMMAND': 'printf "\\033]0;<mock-chroot>\\007"', 'PS1': '<mock-chroot> \\s-\\v\\$ ', 'LANG': 'C.UTF-8', 'SYSTEMD_NSPAWN_TMPFS_TMP': '0', 'SYSTEMD_SECCOMP': '0'} and shell False
Building target platforms: x86_64
Building for target x86_64
setting SOURCE_DATE_EPOCH=1689984000
Executing(%prep): /bin/sh -e /var/tmp/rpm-tmp.JXaDy1
+ umask 022
+ cd /builddir/build/BUILD
+ cd /builddir/build/BUILD
+ rm -rf smbldap-tools-0.9.11
+ /usr/lib/rpm/rpmuncompress -x /builddir/build/SOURCES/smbldap-tools-0.9.11.tar.gz
+ STATUS=0
+ '[' 0 -ne 0 ']'
+ cd smbldap-tools-0.9.11
+ rm -rf /builddir/build/BUILD/smbldap-tools-0.9.11-SPECPARTS
+ /usr/bin/mkdir -p /builddir/build/BUILD/smbldap-tools-0.9.11-SPECPARTS
+ /usr/bin/chmod -Rf a+rX,u+w,g-w,o-w .
+ echo 'Patch #0 (smbldap-tools-0.9.11-bz1456783.patch):'
Patch #0 (smbldap-tools-0.9.11-bz1456783.patch):
+ /usr/bin/patch --no-backup-if-mismatch -f -p0 --fuzz=0
patching file smbldap_tools.pl
Patch #10 (smbldap-tools-0.9.9-config.patch):
+ echo 'Patch #10 (smbldap-tools-0.9.9-config.patch):'
+ /usr/bin/patch --no-backup-if-mismatch -f -p0 --fuzz=0
patching file smbldap.conf
+ chmod -R -c -x+X doc/
mode of 'doc/migration_scripts/smbldap-migrate-unix-groups' changed from 0755 (rwxr-xr-x) to 0644 (rw-r--r--)
mode of 'doc/migration_scripts/smbldap-migrate-pwdump-groups' changed from 0755 (rwxr-xr-x) to 0644 (rw-r--r--)
mode of 'doc/migration_scripts/smbldap-migrate-unix-accounts' changed from 0755 (rwxr-xr-x) to 0644 (rw-r--r--)
mode of 'doc/migration_scripts/smbldap-migrate-pwdump-accounts' changed from 0755 (rwxr-xr-x) to 0644 (rw-r--r--)
+ sed -i -e 's|@PERL_COMMAND@|/usr/bin/perl|' smbldap-config.pl
+ RPM_EC=0
++ jobs -p
+ exit 0
Executing(%build): /bin/sh -e /var/tmp/rpm-tmp.JKs2yf
+ umask 022
+ cd /builddir/build/BUILD
+ CFLAGS='-O2 -flto=auto -ffat-lto-objects -fexceptions -g -grecord-gcc-switches -pipe -Wall -Werror=format-security -Wp,-U_FORTIFY_SOURCE,-D_FORTIFY_SOURCE=3 -Wp,-D_GLIBCXX_ASSERTIONS -specs=/usr/lib/rpm/redhat/redhat-hardened-cc1 -fstack-protector-strong -specs=/usr/lib/rpm/redhat/redhat-annobin-cc1  -m64 -march=x86-64-v3 -mtune=generic -fasynchronous-unwind-tables -fstack-clash-protection -fcf-protection -mtls-dialect=gnu2 -fno-omit-frame-pointer -mno-omit-leaf-frame-pointer '
+ export CFLAGS
+ CXXFLAGS='-O2 -flto=auto -ffat-lto-objects -fexceptions -g -grecord-gcc-switches -pipe -Wall -Werror=format-security -Wp,-U_FORTIFY_SOURCE,-D_FORTIFY_SOURCE=3 -Wp,-D_GLIBCXX_ASSERTIONS -specs=/usr/lib/rpm/redhat/redhat-hardened-cc1 -fstack-protector-strong -specs=/usr/lib/rpm/redhat/redhat-annobin-cc1  -m64 -march=x86-64-v3 -mtune=generic -fasynchronous-unwind-tables -fstack-clash-protection -fcf-protection -mtls-dialect=gnu2 -fno-omit-frame-pointer -mno-omit-leaf-frame-pointer '
+ export CXXFLAGS
+ FFLAGS='-O2 -flto=auto -ffat-lto-objects -fexceptions -g -grecord-gcc-switches -pipe -Wall -Wp,-U_FORTIFY_SOURCE,-D_FORTIFY_SOURCE=3 -Wp,-D_GLIBCXX_ASSERTIONS -specs=/usr/lib/rpm/redhat/redhat-hardened-cc1 -fstack-protector-strong -specs=/usr/lib/rpm/redhat/redhat-annobin-cc1  -m64 -march=x86-64-v3 -mtune=generic -fasynchronous-unwind-tables -fstack-clash-protection -fcf-protection -mtls-dialect=gnu2 -fno-omit-frame-pointer -mno-omit-leaf-frame-pointer -I/usr/lib64/gfortran/modules '
+ export FFLAGS
+ FCFLAGS='-O2 -flto=auto -ffat-lto-objects -fexceptions -g -grecord-gcc-switches -pipe -Wall -Wp,-U_FORTIFY_SOURCE,-D_FORTIFY_SOURCE=3 -Wp,-D_GLIBCXX_ASSERTIONS -specs=/usr/lib/rpm/redhat/redhat-hardened-cc1 -fstack-protector-strong -specs=/usr/lib/rpm/redhat/redhat-annobin-cc1  -m64 -march=x86-64-v3 -mtune=generic -fasynchronous-unwind-tables -fstack-clash-protection -fcf-protection -mtls-dialect=gnu2 -fno-omit-frame-pointer -mno-omit-leaf-frame-pointer -I/usr/lib64/gfortran/modules '
+ export FCFLAGS
+ VALAFLAGS=-g
+ export VALAFLAGS
+ LDFLAGS='-Wl,-z,relro -Wl,--as-needed  -Wl,-z,pack-relative-relocs -Wl,-z,now -specs=/usr/lib/rpm/redhat/redhat-hardened-ld -specs=/usr/lib/rpm/redhat/redhat-hardened-ld-errors -specs=/usr/lib/rpm/redhat/redhat-annobin-cc1  -Wl,--build-id=sha1 -specs=/usr/lib/rpm/redhat/redhat-package-notes '
+ export LDFLAGS
+ LT_SYS_LIBRARY_PATH=/usr/lib64:
+ export LT_SYS_LIBRARY_PATH
+ CC=gcc
+ export CC
+ CXX=g++
+ export CXX
+ cd smbldap-tools-0.9.11
+ CFLAGS='-O2 -flto=auto -ffat-lto-objects -fexceptions -g -grecord-gcc-switches -pipe -Wall -Werror=format-security -Wp,-U_FORTIFY_SOURCE,-D_FORTIFY_SOURCE=3 -Wp,-D_GLIBCXX_ASSERTIONS -specs=/usr/lib/rpm/redhat/redhat-hardened-cc1 -fstack-protector-strong -specs=/usr/lib/rpm/redhat/redhat-annobin-cc1  -m64 -march=x86-64-v3 -mtune=generic -fasynchronous-unwind-tables -fstack-clash-protection -fcf-protection -mtls-dialect=gnu2 -fno-omit-frame-pointer -mno-omit-leaf-frame-pointer '
+ export CFLAGS
+ CXXFLAGS='-O2 -flto=auto -ffat-lto-objects -fexceptions -g -grecord-gcc-switches -pipe -Wall -Werror=format-security -Wp,-U_FORTIFY_SOURCE,-D_FORTIFY_SOURCE=3 -Wp,-D_GLIBCXX_ASSERTIONS -specs=/usr/lib/rpm/redhat/redhat-hardened-cc1 -fstack-protector-strong -specs=/usr/lib/rpm/redhat/redhat-annobin-cc1  -m64 -march=x86-64-v3 -mtune=generic -fasynchronous-unwind-tables -fstack-clash-protection -fcf-protection -mtls-dialect=gnu2 -fno-omit-frame-pointer -mno-omit-leaf-frame-pointer '
+ export CXXFLAGS
+ FFLAGS='-O2 -flto=auto -ffat-lto-objects -fexceptions -g -grecord-gcc-switches -pipe -Wall -Wp,-U_FORTIFY_SOURCE,-D_FORTIFY_SOURCE=3 -Wp,-D_GLIBCXX_ASSERTIONS -specs=/usr/lib/rpm/redhat/redhat-hardened-cc1 -fstack-protector-strong -specs=/usr/lib/rpm/redhat/redhat-annobin-cc1  -m64 -march=x86-64-v3 -mtune=generic -fasynchronous-unwind-tables -fstack-clash-protection -fcf-protection -mtls-dialect=gnu2 -fno-omit-frame-pointer -mno-omit-leaf-frame-pointer -I/usr/lib64/gfortran/modules '
+ export FFLAGS
+ FCFLAGS='-O2 -flto=auto -ffat-lto-objects -fexceptions -g -grecord-gcc-switches -pipe -Wall -Wp,-U_FORTIFY_SOURCE,-D_FORTIFY_SOURCE=3 -Wp,-D_GLIBCXX_ASSERTIONS -specs=/usr/lib/rpm/redhat/redhat-hardened-cc1 -fstack-protector-strong -specs=/usr/lib/rpm/redhat/redhat-annobin-cc1  -m64 -march=x86-64-v3 -mtune=generic -fasynchronous-unwind-tables -fstack-clash-protection -fcf-protection -mtls-dialect=gnu2 -fno-omit-frame-pointer -mno-omit-leaf-frame-pointer -I/usr/lib64/gfortran/modules '
+ export FCFLAGS
+ VALAFLAGS=-g
+ export VALAFLAGS
+ LDFLAGS='-Wl,-z,relro -Wl,--as-needed  -Wl,-z,pack-relative-relocs -Wl,-z,now -specs=/usr/lib/rpm/redhat/redhat-hardened-ld -specs=/usr/lib/rpm/redhat/redhat-hardened-ld-errors -specs=/usr/lib/rpm/redhat/redhat-annobin-cc1  -Wl,--build-id=sha1 -specs=/usr/lib/rpm/redhat/redhat-package-notes '
+ export LDFLAGS
+ LT_SYS_LIBRARY_PATH=/usr/lib64:
+ export LT_SYS_LIBRARY_PATH
+ CC=gcc
+ export CC
+ CXX=g++
+ export CXX
+ '[' '-flto=auto -ffat-lto-objectsx' '!=' x ']'
++ find . -type f -name configure -print
+ for file in $(find . -type f -name configure -print)
+ /usr/bin/sed -r --in-place=.backup 's/^char \(\*f\) \(\) = /__attribute__ ((used)) char (*f) () = /g' ./configure
+ diff -u ./configure.backup ./configure
+ mv ./configure.backup ./configure
+ /usr/bin/sed -r --in-place=.backup 's/^char \(\*f\) \(\);/__attribute__ ((used)) char (*f) ();/g' ./configure
+ diff -u ./configure.backup ./configure
+ mv ./configure.backup ./configure
+ /usr/bin/sed -r --in-place=.backup 's/^char \$2 \(\);/__attribute__ ((used)) char \$2 ();/g' ./configure
+ diff -u ./configure.backup ./configure
+ mv ./configure.backup ./configure
+ /usr/bin/sed --in-place=.backup '1{$!N;$!N};$!N;s/int x = 1;\nint y = 0;\nint z;\nint nan;/volatile int x = 1; volatile int y = 0; volatile int z, nan;/;P;D' ./configure
+ diff -u ./configure.backup ./configure
+ mv ./configure.backup ./configure
+ /usr/bin/sed --in-place=.backup 's#^lt_cv_sys_global_symbol_to_cdecl=.*#lt_cv_sys_global_symbol_to_cdecl="sed -n -e '\''s/^T .* \\(.*\\)$/extern int \\1();/p'\'' -e '\''s/^$symcode* .* \\(.*\\)$/extern char \\1;/p'\''"#' ./configure
+ diff -u ./configure.backup ./configure
+ mv ./configure.backup ./configure
+ '[' 1 = 1 ']'
+++ dirname ./configure
++ find . -name config.guess -o -name config.sub
+ '[' 1 = 1 ']'
+ '[' x '!=' 'x-Wl,-z,now -specs=/usr/lib/rpm/redhat/redhat-hardened-ld -specs=/usr/lib/rpm/redhat/redhat-hardened-ld-errors' ']'
++ find . -name ltmain.sh
++ grep -q runstatedir=DIR ./configure
++ echo --runstatedir=/run
+ ./configure --build=x86_64-redhat-linux --host=x86_64-redhat-linux --program-prefix= --disable-dependency-tracking --prefix=/usr --exec-prefix=/usr --bindir=/usr/bin --sbindir=/usr/sbin --sysconfdir=/etc --datadir=/usr/share --includedir=/usr/include --libdir=/usr/lib64 --libexecdir=/usr/libexec --localstatedir=/var --runstatedir=/run --sharedstatedir=/var/lib --mandir=/usr/share/man --infodir=/usr/share/info
configure: WARNING: unrecognized options: --disable-dependency-tracking
using smbldap-tools for install subdir
checking for perl... /usr/bin/perl
using /usr/bin/perl for perl command
checking for Perl version... 5.008001 or later
checking for Perl Digest::SHA1 or Digest::SHA... Digest::SHA
using /usr/share/perl5/vendor_perl for *.pm install directory
checking for pod2man... /usr/bin/pod2man
using /usr/bin/pod2man for pod2man command
using /etc/samba for Samba sysconf directory
using /usr/bin for Samba bin directory
configure: creating ./config.status
config.status: creating Makefile
config.status: creating build/Makefile.common
config.status: creating build/Makefile.package
config.status: creating build/Makefile.top
config.status: creating build/subst.pl
config.status: creating build/subst.vars
configure: WARNING: unrecognized options: --disable-dependency-tracking
+ make
cp build/subst.pl build/subst.tmp
cat ./build/subst.vars >>build/subst.tmp
sed -n 's/^\([A-Za-z_][A-Za-z_0-9]*\)[ 	]*=[ 	]*\(.*\)/\1=\2/p' \
  ./build/Makefile.common \
  ./build/Makefile.package \
  >>build/subst.tmp
chmod 0755 build/subst.tmp
mv build/subst.tmp build/subst
Building smbldap_tools.pm from smbldap_tools.pl ...
Building smbldap-groupadd.cmd from smbldap-groupadd.pl ...
Building smbldap-groupdel.cmd from smbldap-groupdel.pl ...
Building smbldap-grouplist.cmd from smbldap-grouplist.pl ...
Building smbldap-groupmod.cmd from smbldap-groupmod.pl ...
Building smbldap-groupshow.cmd from smbldap-groupshow.pl ...
Building smbldap-passwd.cmd from smbldap-passwd.pl ...
Building smbldap-populate.cmd from smbldap-populate.pl ...
Building smbldap-useradd.cmd from smbldap-useradd.pl ...
Building smbldap-userdel.cmd from smbldap-userdel.pl ...
Building smbldap-userinfo.cmd from smbldap-userinfo.pl ...
Building smbldap-userlist.cmd from smbldap-userlist.pl ...
Building smbldap-usermod.cmd from smbldap-usermod.pl ...
Building smbldap-usershow.cmd from smbldap-usershow.pl ...
Building smbldap-config.cmd from smbldap-config.pl ...
Building smbldap-groupadd.8 from smbldap-groupadd.cmd ...
Building smbldap-groupdel.8 from smbldap-groupdel.cmd ...
Building smbldap-grouplist.8 from smbldap-grouplist.cmd ...
Building smbldap-groupmod.8 from smbldap-groupmod.cmd ...
Building smbldap-groupshow.8 from smbldap-groupshow.cmd ...
Building smbldap-passwd.8 from smbldap-passwd.cmd ...
Building smbldap-populate.8 from smbldap-populate.cmd ...
Building smbldap-useradd.8 from smbldap-useradd.cmd ...
Building smbldap-userdel.8 from smbldap-userdel.cmd ...
Building smbldap-userinfo.8 from smbldap-userinfo.cmd ...
Building smbldap-userlist.8 from smbldap-userlist.cmd ...
Building smbldap-usermod.8 from smbldap-usermod.cmd ...
Building smbldap-usershow.8 from smbldap-usershow.cmd ...
Building smbldap-config.8 from smbldap-config.cmd ...
Building smbldap-upgrade-0.9.6.cmd from smbldap-upgrade-0.9.6.pl ...
Building doc/smb.conf.example from doc/smb.conf.tmpl ...
Building doc/smb.smbldap.conf.example from doc/smb.smbldap.conf.tmpl ...
+ RPM_EC=0
++ jobs -p
+ exit 0
Executing(%install): /bin/sh -e /var/tmp/rpm-tmp.qYkisc
+ umask 022
+ cd /builddir/build/BUILD
+ '[' /builddir/build/BUILDROOT/smbldap-tools-0.9.11-25.el10.x86_64 '!=' / ']'
+ rm -rf /builddir/build/BUILDROOT/smbldap-tools-0.9.11-25.el10.x86_64
++ dirname /builddir/build/BUILDROOT/smbldap-tools-0.9.11-25.el10.x86_64
+ mkdir -p /builddir/build/BUILDROOT
+ mkdir /builddir/build/BUILDROOT/smbldap-tools-0.9.11-25.el10.x86_64
+ CFLAGS='-O2 -flto=auto -ffat-lto-objects -fexceptions -g -grecord-gcc-switches -pipe -Wall -Werror=format-security -Wp,-U_FORTIFY_SOURCE,-D_FORTIFY_SOURCE=3 -Wp,-D_GLIBCXX_ASSERTIONS -specs=/usr/lib/rpm/redhat/redhat-hardened-cc1 -fstack-protector-strong -specs=/usr/lib/rpm/redhat/redhat-annobin-cc1  -m64 -march=x86-64-v3 -mtune=generic -fasynchronous-unwind-tables -fstack-clash-protection -fcf-protection -mtls-dialect=gnu2 -fno-omit-frame-pointer -mno-omit-leaf-frame-pointer '
+ export CFLAGS
+ CXXFLAGS='-O2 -flto=auto -ffat-lto-objects -fexceptions -g -grecord-gcc-switches -pipe -Wall -Werror=format-security -Wp,-U_FORTIFY_SOURCE,-D_FORTIFY_SOURCE=3 -Wp,-D_GLIBCXX_ASSERTIONS -specs=/usr/lib/rpm/redhat/redhat-hardened-cc1 -fstack-protector-strong -specs=/usr/lib/rpm/redhat/redhat-annobin-cc1  -m64 -march=x86-64-v3 -mtune=generic -fasynchronous-unwind-tables -fstack-clash-protection -fcf-protection -mtls-dialect=gnu2 -fno-omit-frame-pointer -mno-omit-leaf-frame-pointer '
+ export CXXFLAGS
+ FFLAGS='-O2 -flto=auto -ffat-lto-objects -fexceptions -g -grecord-gcc-switches -pipe -Wall -Wp,-U_FORTIFY_SOURCE,-D_FORTIFY_SOURCE=3 -Wp,-D_GLIBCXX_ASSERTIONS -specs=/usr/lib/rpm/redhat/redhat-hardened-cc1 -fstack-protector-strong -specs=/usr/lib/rpm/redhat/redhat-annobin-cc1  -m64 -march=x86-64-v3 -mtune=generic -fasynchronous-unwind-tables -fstack-clash-protection -fcf-protection -mtls-dialect=gnu2 -fno-omit-frame-pointer -mno-omit-leaf-frame-pointer -I/usr/lib64/gfortran/modules '
+ export FFLAGS
+ FCFLAGS='-O2 -flto=auto -ffat-lto-objects -fexceptions -g -grecord-gcc-switches -pipe -Wall -Wp,-U_FORTIFY_SOURCE,-D_FORTIFY_SOURCE=3 -Wp,-D_GLIBCXX_ASSERTIONS -specs=/usr/lib/rpm/redhat/redhat-hardened-cc1 -fstack-protector-strong -specs=/usr/lib/rpm/redhat/redhat-annobin-cc1  -m64 -march=x86-64-v3 -mtune=generic -fasynchronous-unwind-tables -fstack-clash-protection -fcf-protection -mtls-dialect=gnu2 -fno-omit-frame-pointer -mno-omit-leaf-frame-pointer -I/usr/lib64/gfortran/modules '
+ export FCFLAGS
+ VALAFLAGS=-g
+ export VALAFLAGS
+ LDFLAGS='-Wl,-z,relro -Wl,--as-needed  -Wl,-z,pack-relative-relocs -Wl,-z,now -specs=/usr/lib/rpm/redhat/redhat-hardened-ld -specs=/usr/lib/rpm/redhat/redhat-hardened-ld-errors -specs=/usr/lib/rpm/redhat/redhat-annobin-cc1  -Wl,--build-id=sha1 -specs=/usr/lib/rpm/redhat/redhat-package-notes '
+ export LDFLAGS
+ LT_SYS_LIBRARY_PATH=/usr/lib64:
+ export LT_SYS_LIBRARY_PATH
+ CC=gcc
+ export CC
+ CXX=g++
+ export CXX
+ cd smbldap-tools-0.9.11
+ make install DESTDIR=/builddir/build/BUILDROOT/smbldap-tools-0.9.11-25.el10.x86_64
Creating directory /builddir/build/BUILDROOT/smbldap-tools-0.9.11-25.el10.x86_64/usr/share/perl5/vendor_perl ...
Installing file smbldap_tools.pm into /builddir/build/BUILDROOT/smbldap-tools-0.9.11-25.el10.x86_64/usr/share/perl5/vendor_perl ...
Creating directory /builddir/build/BUILDROOT/smbldap-tools-0.9.11-25.el10.x86_64/usr/sbin ...
Installing file smbldap-groupadd.cmd into /builddir/build/BUILDROOT/smbldap-tools-0.9.11-25.el10.x86_64/usr/sbin ...
Installing file smbldap-groupdel.cmd into /builddir/build/BUILDROOT/smbldap-tools-0.9.11-25.el10.x86_64/usr/sbin ...
Installing file smbldap-grouplist.cmd into /builddir/build/BUILDROOT/smbldap-tools-0.9.11-25.el10.x86_64/usr/sbin ...
Installing file smbldap-groupmod.cmd into /builddir/build/BUILDROOT/smbldap-tools-0.9.11-25.el10.x86_64/usr/sbin ...
Installing file smbldap-groupshow.cmd into /builddir/build/BUILDROOT/smbldap-tools-0.9.11-25.el10.x86_64/usr/sbin ...
Installing file smbldap-passwd.cmd into /builddir/build/BUILDROOT/smbldap-tools-0.9.11-25.el10.x86_64/usr/sbin ...
Installing file smbldap-populate.cmd into /builddir/build/BUILDROOT/smbldap-tools-0.9.11-25.el10.x86_64/usr/sbin ...
Installing file smbldap-useradd.cmd into /builddir/build/BUILDROOT/smbldap-tools-0.9.11-25.el10.x86_64/usr/sbin ...
Installing file smbldap-userdel.cmd into /builddir/build/BUILDROOT/smbldap-tools-0.9.11-25.el10.x86_64/usr/sbin ...
Installing file smbldap-userinfo.cmd into /builddir/build/BUILDROOT/smbldap-tools-0.9.11-25.el10.x86_64/usr/sbin ...
Installing file smbldap-userlist.cmd into /builddir/build/BUILDROOT/smbldap-tools-0.9.11-25.el10.x86_64/usr/sbin ...
Installing file smbldap-usermod.cmd into /builddir/build/BUILDROOT/smbldap-tools-0.9.11-25.el10.x86_64/usr/sbin ...
Installing file smbldap-usershow.cmd into /builddir/build/BUILDROOT/smbldap-tools-0.9.11-25.el10.x86_64/usr/sbin ...
Installing file smbldap-config.cmd into /builddir/build/BUILDROOT/smbldap-tools-0.9.11-25.el10.x86_64/usr/sbin ...
+ install -d -m 755 /builddir/build/BUILDROOT/smbldap-tools-0.9.11-25.el10.x86_64/usr/share/man/man8/
+ install -p -m 644 smbldap-config.8 smbldap-groupadd.8 smbldap-groupdel.8 smbldap-grouplist.8 smbldap-groupmod.8 smbldap-groupshow.8 smbldap-passwd.8 smbldap-populate.8 smbldap-useradd.8 smbldap-userdel.8 smbldap-userinfo.8 smbldap-userlist.8 smbldap-usermod.8 smbldap-usershow.8 /builddir/build/BUILDROOT/smbldap-tools-0.9.11-25.el10.x86_64/usr/share/man/man8/
+ install -d -m 755 /builddir/build/BUILDROOT/smbldap-tools-0.9.11-25.el10.x86_64/etc/smbldap-tools/
+ install -p -m 644 smbldap.conf /builddir/build/BUILDROOT/smbldap-tools-0.9.11-25.el10.x86_64/etc/smbldap-tools/smbldap.conf
+ install -p -m 600 smbldap_bind.conf /builddir/build/BUILDROOT/smbldap-tools-0.9.11-25.el10.x86_64/etc/smbldap-tools/smbldap_bind.conf
+ sed -e 's|@PERL_COMMAND@|/usr/bin/perl|' smbldap-upgrade-0.9.6.pl
+ chmod 755 /builddir/build/BUILDROOT/smbldap-tools-0.9.11-25.el10.x86_64/usr/sbin/smbldap-upgrade-0.9.6.pl
+ /usr/bin/find-debuginfo -j4 --strict-build-id -m -i --build-id-seed 0.9.11-25.el10 --unique-debug-suffix -0.9.11-25.el10.x86_64 --unique-debug-src-base smbldap-tools-0.9.11-25.el10.x86_64 --run-dwz --dwz-low-mem-die-limit 10000000 --dwz-max-die-limit 110000000 -S debugsourcefiles.list /builddir/build/BUILD/smbldap-tools-0.9.11
find-debuginfo: starting
Extracting debug info from 0 files
Creating .debug symlinks for symlinks to ELF files
find-debuginfo: done
+ /usr/lib/rpm/check-buildroot
+ /usr/lib/rpm/redhat/brp-ldconfig
+ /usr/lib/rpm/brp-compress
+ /usr/lib/rpm/redhat/brp-strip-lto /usr/bin/strip
+ /usr/lib/rpm/brp-strip-static-archive /usr/bin/strip
+ /usr/lib/rpm/check-rpaths
+ /usr/lib/rpm/redhat/brp-mangle-shebangs
+ /usr/lib/rpm/brp-remove-la-files
+ /usr/lib/rpm/redhat/brp-python-rpm-in-distinfo
+ env /usr/lib/rpm/redhat/brp-python-bytecompile '' 1 0 -j4
+ /usr/lib/rpm/redhat/brp-python-hardlink
Processing files: smbldap-tools-0.9.11-25.el10.noarch
Executing(%doc): /bin/sh -e /var/tmp/rpm-tmp.wCSR0j
+ umask 022
+ cd /builddir/build/BUILD
+ cd smbldap-tools-0.9.11
+ DOCDIR=/builddir/build/BUILDROOT/smbldap-tools-0.9.11-25.el10.x86_64/usr/share/doc/smbldap-tools
+ export LC_ALL=
+ LC_ALL=
+ export DOCDIR
+ /usr/bin/mkdir -p /builddir/build/BUILDROOT/smbldap-tools-0.9.11-25.el10.x86_64/usr/share/doc/smbldap-tools
+ cp -pr /builddir/build/BUILD/smbldap-tools-0.9.11/ChangeLog /builddir/build/BUILDROOT/smbldap-tools-0.9.11-25.el10.x86_64/usr/share/doc/smbldap-tools
+ cp -pr /builddir/build/BUILD/smbldap-tools-0.9.11/CONTRIBUTORS /builddir/build/BUILDROOT/smbldap-tools-0.9.11-25.el10.x86_64/usr/share/doc/smbldap-tools
+ cp -pr /builddir/build/BUILD/smbldap-tools-0.9.11/FILES /builddir/build/BUILDROOT/smbldap-tools-0.9.11-25.el10.x86_64/usr/share/doc/smbldap-tools
+ cp -pr /builddir/build/BUILD/smbldap-tools-0.9.11/INFRA /builddir/build/BUILDROOT/smbldap-tools-0.9.11-25.el10.x86_64/usr/share/doc/smbldap-tools
+ cp -pr /builddir/build/BUILD/smbldap-tools-0.9.11/INSTALL /builddir/build/BUILDROOT/smbldap-tools-0.9.11-25.el10.x86_64/usr/share/doc/smbldap-tools
+ cp -pr /builddir/build/BUILD/smbldap-tools-0.9.11/README /builddir/build/BUILDROOT/smbldap-tools-0.9.11-25.el10.x86_64/usr/share/doc/smbldap-tools
+ cp -pr /builddir/build/BUILD/smbldap-tools-0.9.11/TODO /builddir/build/BUILDROOT/smbldap-tools-0.9.11-25.el10.x86_64/usr/share/doc/smbldap-tools
+ cp -pr /builddir/build/BUILD/smbldap-tools-0.9.11/doc/slapd.conf.example /builddir/build/BUILDROOT/smbldap-tools-0.9.11-25.el10.x86_64/usr/share/doc/smbldap-tools
+ cp -pr /builddir/build/BUILD/smbldap-tools-0.9.11/doc/smb.conf.example /builddir/build/BUILDROOT/smbldap-tools-0.9.11-25.el10.x86_64/usr/share/doc/smbldap-tools
+ cp -pr /builddir/build/BUILD/smbldap-tools-0.9.11/doc/smb.smbldap.conf.example /builddir/build/BUILDROOT/smbldap-tools-0.9.11-25.el10.x86_64/usr/share/doc/smbldap-tools
+ cp -pr /builddir/build/BUILD/smbldap-tools-0.9.11/doc/migration_scripts /builddir/build/BUILDROOT/smbldap-tools-0.9.11-25.el10.x86_64/usr/share/doc/smbldap-tools
+ cp -pr /builddir/build/BUILD/smbldap-tools-0.9.11/doc/smbldap-tools.pdf /builddir/build/BUILDROOT/smbldap-tools-0.9.11-25.el10.x86_64/usr/share/doc/smbldap-tools
+ RPM_EC=0
++ jobs -p
+ exit 0
Executing(%license): /bin/sh -e /var/tmp/rpm-tmp.oSCqKm
+ umask 022
+ cd /builddir/build/BUILD
+ cd smbldap-tools-0.9.11
+ LICENSEDIR=/builddir/build/BUILDROOT/smbldap-tools-0.9.11-25.el10.x86_64/usr/share/licenses/smbldap-tools
+ export LC_ALL=
+ LC_ALL=
+ export LICENSEDIR
+ /usr/bin/mkdir -p /builddir/build/BUILDROOT/smbldap-tools-0.9.11-25.el10.x86_64/usr/share/licenses/smbldap-tools
+ cp -pr /builddir/build/BUILD/smbldap-tools-0.9.11/COPYING /builddir/build/BUILDROOT/smbldap-tools-0.9.11-25.el10.x86_64/usr/share/licenses/smbldap-tools
+ RPM_EC=0
++ jobs -p
+ exit 0
Provides: config(smbldap-tools) = 0.9.11-25.el10 perl(smbldap_tools) = 1.00 smbldap-tools = 0.9.11-25.el10
Requires(rpmlib): rpmlib(CompressedFileNames) <= 3.0.4-1 rpmlib(FileDigests) <= 4.6.0-1 rpmlib(PayloadFilesHavePrefix) <= 4.0-1
Requires: /usr/bin/perl perl(Crypt::SmbHash) perl(Digest::MD5) perl(Digest::SHA) perl(Encode) perl(Exporter) perl(File::Basename) perl(FindBin) perl(Getopt::Long) perl(Getopt::Std) perl(IO::File) perl(MIME::Base64) perl(Net::LDAP) perl(Net::LDAP::Entry) perl(Net::LDAP::Extension::SetPassword) perl(Net::LDAP::LDIF) perl(POSIX) perl(Time::Local) perl(constant) perl(smbldap_tools) perl(strict) perl(vars) perl(warnings) perl-libs
Checking for unpackaged file(s): /usr/lib/rpm/check-files /builddir/build/BUILDROOT/smbldap-tools-0.9.11-25.el10.x86_64
Wrote: /builddir/build/RPMS/smbldap-tools-0.9.11-25.el10.noarch.rpm
Child return code was: 0
