gpg-pubkey-c2a1e572-668fe8ef 1720707311 0 (none) installed
gpg-pubkey-e37ed158-65785fa9 1702387625 0 (none) installed
libgcc-14.3.1-2.1.el10.alma.1.x86_64 1751356599 277156 7f3e98981761d63831d8642504b36b94 installed
ghc-srpm-macros-1.9.2-1.el10_0.noarch 1745569162 779 625f9b093fee9bb0f6c830c41d176111 installed
fpc-srpm-macros-1.3-7.el10_1.noarch 1755334968 144 0a58f44f776d4ea0ffce09c1bbaa8ca3 installed
ansible-srpm-macros-1-21.el10_1.noarch 1775683794 36518 d42a69a811ea4cba7d426884ea89e37d installed
rust-toolset-srpm-macros-1.88.0-1.el10.alma.1.noarch 1753261760 2058 959def772e699c71f18c955f54de8abe installed
qt6-srpm-macros-6.9.1-1.el10.noarch 1750327839 464 e30c642e83c1b91151a51bce3b8b840e installed
perl-srpm-macros-1-57.el10.noarch 1734187617 861 3f5c5db2565569d4dace4c85bea37804 installed
package-notes-srpm-macros-0.5-13.el10.noarch 1734185638 1601 3cde60bb10b67a9550ccb1ae9aa8ac6a installed
openblas-srpm-macros-2-19.el10.noarch 1733929368 112 6993787a9cab21e9aab85c30a0bd442b installed
ocaml-srpm-macros-10-4.el10.noarch 1733929149 1959 a610b0ad19679654a9af8575d4e8923c installed
kernel-srpm-macros-1.0-25.el10.noarch 1733929572 1949 153b23969aebfb6b4a364d8467a12f58 installed
publicsuffix-list-dafsa-20240107-5.el10.noarch 1734189502 69171 c775084ba1b508126c5745a0778064b3 installed
pkgconf-m4-2.1.0-3.el10.noarch 1734174077 14252 b3c32290e4f1543b14dc83a4c2513db2 installed
pcre2-syntax-10.44-1.el10.3.noarch 1734183240 257634 ccd27752f168a8b7672bfe7e68744cd1 installed
ncurses-base-6.4-15.20240127.el10_1.noarch 1774527579 334036 fe651a52c8f62374dbbc28b771121270 installed
libssh-config-0.11.1-5.el10_1.noarch 1766022833 277 8826de8d2a759ee158e2c3a6012122c9 installed
coreutils-common-9.5-6.el10.x86_64 1736715611 11696153 6842d386f1229ba86caf594199bd6dae installed
almalinux-gpg-keys-10.1-16.el10.x86_64 1762948402 1652 08671dd46bf1a7bd6939fe09f4b539f8 installed
almalinux-release-10.1-16.el10.x86_64 1762948402 36590 7aeddc6614fdeac19f9655ae95aa167f installed
almalinux-repos-10.1-16.el10.x86_64 1762948402 8842 57e7eb32d7cbb2d3f3053d9f27bb84bf installed
setup-2.14.5-7.el10.noarch 1749151765 737783 26a8c05f8f1bbf593e4be89452a0e7e6 installed
filesystem-3.18-17.el10.x86_64 1752686252 106 cd099c7ded56a34afeb19303409768fe installed
basesystem-11-22.el10.noarch 1734045537 0 595b21c06f70147e1cbd931fd91c5943 installed
glibc-gconv-extra-2.39-58.el10_1.7.alma.1.x86_64 1769605585 8166062 0c7e744d42a98a7b7b850764a6af5d73 installed
ncurses-libs-6.4-15.20240127.el10_1.x86_64 1774527582 985279 26a618ec26f38b75cefd2bae38d88474 installed
glibc-2.39-58.el10_1.7.alma.1.x86_64 1769605585 6531650 25135d99e5c45f9578301cd1932659d5 installed
bash-5.2.26-6.el10.x86_64 1741028594 8546555 33ee7b72828d90fb415b67bd18703f74 installed
glibc-common-2.39-58.el10_1.7.alma.1.x86_64 1769605585 1077042 2b09065514328f6dae2fd8990494df9c installed
glibc-minimal-langpack-2.39-58.el10_1.7.alma.1.x86_64 1769605585 0 3b79ef52b56635a745f3645c4c5be652 installed
zlib-ng-compat-2.2.3-3.el10_1.x86_64 1770277085 144984 28b459adb24241e9517e1ce78666c920 installed
bzip2-libs-1.0.8-25.el10.x86_64 1739793622 82508 e5f6720795f36889b359c475e483f7ef installed
xz-libs-1:5.6.2-4.el10_0.x86_64 1747270625 219435 608b2b9f10f7620cefdac9352fb63534 installed
libstdc++-14.3.1-2.1.el10.alma.1.x86_64 1751356599 2974185 69caa4fceac4520899d978a4af9567ba installed
libuuid-2.40.2-15.el10_1.x86_64 1770031709 38205 72960e4e9d7c87729fcc22402245b50d installed
popt-1.19-8.el10.x86_64 1734182146 140018 256fddaef6554f1f6ceb555943d5fe6f installed
readline-8.2-11.el10.x86_64 1734229259 500661 174639cbdc16be685c086ca7266bcd9c installed
libblkid-2.40.2-15.el10_1.x86_64 1770031709 268738 88b818ba277709c4dca5b883bdb43fbb installed
gmp-1:6.2.1-12.el10.x86_64 1751972776 821624 bbbc524d3ab91f5edafea5f166b1e8e0 installed
libattr-2.5.2-5.el10.x86_64 1734026062 29069 b2341171bda83939715030ce5d108165 installed
libacl-2.3.2-4.el10.x86_64 1734043789 40850 ebe8226da4e171577d0bbab67b7312a4 installed
libxcrypt-4.4.36-10.el10.x86_64 1733850318 269013 8d8e6f919abfb562e078733ba4769d67 installed
libzstd-1.5.5-9.el10.x86_64 1734225610 757350 2cd1680b7ef732c54728aa04789e0e99 installed
elfutils-libelf-0.193-1.el10.x86_64 1746572644 1220568 65b0281ca4b5d9720218968cb25b6d07 installed
crypto-policies-20250905-2.gitc7eb7b2.el10_1.1.noarch 1770233658 122169 f8a88274f43132941ff87803856dff9b installed
gdbm-libs-1:1.23-12.el10_0.x86_64 1747265717 124802 2316777b35d417be0789a01d1ee525be installed
libeconf-0.6.2-4.el10.x86_64 1733853768 59264 208d3c26163ea7bed300f522617cdb01 installed
dwz-0.16-1.el10.x86_64 1752668350 301844 16929aa2620f73511ea34b15d5a4e5d2 installed
mpfr-4.2.1-5.el10.x86_64 1734113351 860077 e2a60b01d2cf6e4cbf33a19968abfd2a installed
gawk-5.3.0-6.el10.x86_64 1739945434 1793472 c366fdd2469a3c534eda3a19ab2f3cdd installed
unzip-6.0-69.el10.x86_64 1750333114 411923 5a44502ca6a83b2f861ead7e8ab1166a installed
file-libs-5.45-8.el10.x86_64 1753301445 10414622 00633f9f55d95b9271c0359d8b41d192 installed
file-5.45-8.el10.x86_64 1753301445 105823 50b6be83ae8f46b88ba73cce35a3d30a installed
alternatives-1.30-2.el10.x86_64 1734038722 67745 3e47e765b3c0ab2f3cb590294ca38da0 installed
jansson-2.14-3.el10.x86_64 1734103152 91133 3d49634d0f323df9ddd1cdf2390e9bac installed
libcap-ng-0.8.4-6.el10.x86_64 1733842566 70563 702388695e018fc6547ae8bbabd66b1f installed
audit-libs-4.0.3-4.el10.x86_64 1744790428 367729 acdd1ed664165421a266395667099f43 installed
pam-libs-1.6.1-8.el10.x86_64 1751974076 137911 63b9925bbd9071afcff7a50c91364968 installed
libcap-2.69-7.el10_1.1.x86_64 1777590348 223967 ba16d72c69ea5f6df7f5107046bafe20 installed
systemd-libs-257-13.el10.alma.1.x86_64 1755595823 2386754 01a2639db154714fb31b8c66f8558823 installed
libffi-3.4.4-10.el10.x86_64 1747823536 87528 c80b924edecab6dabffeed80b4927ada installed
libsepol-3.9-1.el10.x86_64 1755077920 849627 48c8a1d3f9fc6311af20a32bead5e17b installed
libsmartcols-2.40.2-15.el10_1.x86_64 1770031709 184594 de92600322020ce6a7850e3c6ed3986d installed
libtasn1-4.20.0-1.el10.x86_64 1741031041 180507 dd52d7a2ad9da1a5dccbb6d9097c66af installed
libunistring-1.1-10.el10.x86_64 1733904176 1816877 3f16ea4ddf5bc4ae6ee21a4837c70fb4 installed
libidn2-2.3.7-3.el10.x86_64 1733850022 336858 2b0050552a0a51ada221810e4efda676 installed
lua-libs-5.4.6-7.el10.x86_64 1734109366 287675 be290028da837f19205de27d32cf8cf3 installed
lz4-libs-1.9.4-8.el10.x86_64 1734119549 136459 f011548c152d1564efbe7ffa0b920650 installed
pcre2-10.44-1.el10.3.x86_64 1734182345 668922 33d86a93e1b34e8e1357806fa9544e47 installed
libselinux-3.9-1.el10.x86_64 1755078220 201805 1947f6ac340cdc753e9996773c0954ff installed
sed-4.9-3.el10.x86_64 1734204747 881961 dfade3aff949eb09466ede4035bb1821 installed
findutils-1:4.10.0-5.el10.x86_64 1734029841 1942695 a2ad8e80525d5697be0727e2b48720a3 installed
grep-3.11-10.el10.x86_64 1734032278 1042042 64543d207b8fd07457f39ea4b477b932 installed
xz-1:5.6.2-4.el10_0.x86_64 1747270625 1244808 8b8271fed592f1d935539b0ed707644a installed
libmount-2.40.2-15.el10_1.x86_64 1770031709 364250 bd467575e951e485a8c5a8279bab7e82 installed
util-linux-core-2.40.2-15.el10_1.x86_64 1770031709 1543017 66e2ab6097f9fc938df928cf121ec0b5 installed
libsemanage-3.9-1.el10.x86_64 1755098676 319427 5cb1b986439adb87c4879b0bdc7a476f installed
shadow-utils-2:4.15.0-10.el10_1.x86_64 1773761066 4269725 b3f011612b172a1ac1517246c6cb5e9d installed
libutempter-1.2.1-15.el10.x86_64 1733852925 58809 d9a46176e8b210319ad7b5204a4c5ebd installed
tar-2:1.35-9.el10_1.x86_64 1767590103 3101603 ebc6c6be7b23fecb405d02a9c7da2d5d installed
zstd-1.5.5-9.el10.x86_64 1734225610 1656557 def2b58ee2588c1f9297f43f8dc18f76 installed
libpsl-0.21.5-6.el10.x86_64 1733849977 82352 f9c931353b547cb084a92dbcb87d18fc installed
p11-kit-0.25.5-7.el10.x86_64 1734024774 2294717 f804d77fa1d76bf0804de82f4a34c065 installed
p11-kit-trust-0.25.5-7.el10.x86_64 1734024774 400452 538c512240aa4d882266c09adc492346 installed
openssl-fips-provider-1:3.5.1-7.el10_1.alma.1.x86_64 1769598806 2489506 d860958e329d06be026979acf1184243 installed
openssl-libs-1:3.5.1-7.el10_1.alma.1.x86_64 1769598806 6849739 a585243393cdd6a137a9e3c50ff7fe30 installed
coreutils-9.5-6.el10.x86_64 1736715611 5806154 87589bc0b84c1dceee77224ff80e6f8e installed
ca-certificates-2025.2.80_v9.0.305-102.el10_1.noarch 1763138081 2801276 4b30227dd6f330ba2eb8ae02782a9bb8 installed
authselect-libs-1.5.0-8.el10.x86_64 1734027273 815910 cab176af590cd846f309de31429b6d3b installed
gzip-1.13-3.el10.x86_64 1734373206 398194 fc73eee8049d45bacb8517b196ed18ac installed
cracklib-2.9.11-8.el10.x86_64 1734033833 244461 2f6715332bbe19883333fd39c9a31582 installed
cracklib-dicts-2.9.11-8.el10.x86_64 1734033833 9815811 bd870a60599f9426447adc7a9faf8f52 installed
libpwquality-1.4.5-12.el10.x86_64 1733850696 427194 223aadacddba621f470dba11c8db4608 installed
libevent-2.1.12-16.el10.x86_64 1733846367 916490 898e141e01bec1ba693e2207ae5582c6 installed
rpm-sequoia-1.9.0.3-1.el10_1.x86_64 1761559855 2665134 b4fe211c8683b4c7ecd68f55f6100ede installed
zip-3.0-45.el10.x86_64 1755248080 726153 5d8186bb574c45c88e8ec5fa628a8ccc installed
cyrus-sasl-lib-2.1.28-29.el10.x86_64 1751592519 732550 8fd086ae12b3702823c440743b278269 installed
openldap-2.6.9-1.el10.x86_64 1756296037 518226 9497fdf335f08c3a750e6fe36121a02f installed
gdbm-1:1.23-12.el10_0.x86_64 1747265717 471407 b71416d44d94b2d2048116823e379b5a installed
pam-1.6.1-8.el10.x86_64 1751974076 1848585 9ed2f177fcf88f7d6c62f8d4beb5e96d installed
libfdisk-2.40.2-15.el10_1.x86_64 1770031709 371506 6928a181210f2468ef758a96ee6d8ca7 installed
libxml2-2.12.5-9.el10_0.x86_64 1754590358 1791363 9ca30afb3343cc5d0864edf4ace2ab5c installed
libarchive-3.7.7-8.el10_1.x86_64 1776411334 961194 b44a06846e6b5f7ba6b208ffdebf907d installed
bzip2-1.0.8-25.el10.x86_64 1739793622 97597 55d60e7810482fc02ab74f791a351d26 installed
sqlite-libs-3.46.1-5.el10_1.x86_64 1761561983 1571640 f7fda595ba487c8bdbb4715b829fef70 installed
rpm-libs-4.19.1.1-20.el10.alma.1.x86_64 1757119484 739032 fe66ef8c570b02cc2ad039bb3eae74d6 installed
ed-1.20-5.el10.x86_64 1734036248 149356 d9eb1a6d7f626f07d1d0f6a30b128954 installed
patch-2.7.6-26.el10.x86_64 1734153030 264738 3d2b21419101e47f0569feb6397afa13 installed
elfutils-default-yama-scope-0.193-1.el10.noarch 1746588839 1810 b4cedb95addb9bacbbfe21f460aed80d installed
cpio-2.15-3.el10.x86_64 1734031711 1150520 6e8723c0f97dddd46fec04164c75aef5 installed
diffutils-3.10-8.el10.x86_64 1734026420 1657323 dc3dac84318bee7257be6e4c75b23dfc installed
json-c-0.18-3.el10.x86_64 1734112482 84530 7f07c17b20a78ac0ca779af334183450 installed
keyutils-libs-1.6.3-5.el10.x86_64 1737113140 54083 6b7336de3157e5ae0d8f939406a398c5 installed
libbrotli-1.1.0-7.el10_1.x86_64 1768929854 865506 6b8ecad63cdef444fc9968b92b4e184b installed
libcom_err-1.47.1-4.el10.x86_64 1752668581 68697 a158dac7242ba869361e23ea82611430 installed
libgomp-14.3.1-2.1.el10.alma.1.x86_64 1751356599 540200 56fbfb83d1dad0b5af4d28331d8f4539 installed
libnghttp2-1.64.0-2.el10_1.1.x86_64 1776058137 174116 0ab0cf2a5ebbe8658817483bdc87e818 installed
libpkgconf-2.1.0-3.el10.x86_64 1734172741 75857 d3e54138803062f6f74c4a9139f37417 installed
pkgconf-2.1.0-3.el10.x86_64 1734172741 84218 8e8af64d19b84206c62f00c8de3fbc02 installed
pkgconf-pkg-config-2.1.0-3.el10.x86_64 1734172741 989 7fbf860ab46a0492211d93b79e803ff4 installed
libverto-0.3.2-10.el10.x86_64 1733855959 30045 c9cd9352f564335e0e2d8f6004da1136 installed
krb5-libs-1.21.3-9.el10_1.x86_64 1776791698 2408757 1326c6a2d326c3d6c987bb45ac553411 installed
libssh-0.11.1-5.el10_1.x86_64 1766022745 583163 41072a71511f57e095e77f73bcc3ab2d installed
libcurl-8.12.1-2.el10_1.2.x86_64 1770233857 854174 f5ba03fd7e08760aa1a4c2333d1f4ef3 installed
elfutils-libs-0.193-1.el10.x86_64 1746572644 702901 e0076d9d129cbfe37b66610464145523 installed
elfutils-debuginfod-client-0.193-1.el10.x86_64 1746572644 81762 3f080ff31d427a5aceee630d58ccef49 installed
binutils-gold-2.41-58.el10_1.2.alma.1.x86_64 1766058276 2173419 cd946ef15bd1699b62e99c12f4fc4582 installed
binutils-2.41-58.el10_1.2.alma.1.x86_64 1766058276 27832765 4c4a099850ac684592a8730dc953ce72 installed
elfutils-0.193-1.el10.x86_64 1746572644 3086654 c446eda12f44607a1a0cc041d0a0e584 installed
gdb-minimal-16.3-2.el10.x86_64 1753286149 13747929 bb181200e8a12908a66d291512a53a83 installed
debugedit-5.1-8.el10.x86_64 1751369369 205423 c3bb1528e3aee250c550fbd312ff8929 installed
rpm-build-libs-4.19.1.1-20.el10.alma.1.x86_64 1757119484 203064 e3dc8972dc9ee339661f23a0b71d28e8 installed
curl-8.12.1-2.el10_1.2.x86_64 1770233857 465472 9e6f39b7d7275396c34412380effa7c7 installed
rpm-4.19.1.1-20.el10.alma.1.x86_64 1757119484 3100972 3d74c8e89363f258ffdb27fdb680f6d3 installed
efi-srpm-macros-6-6.el10.alma.1.noarch 1734440590 41092 3931350959da64ff1bdcee011ec80a8a installed
lua-srpm-macros-1-15.el10.noarch 1734113187 1367 2ad13a3b28040716f2b0736f0272accf installed
fonts-srpm-macros-1:2.0.5-18.el10.noarch 1734052831 57184 eedab5b50fdbbf1b8cdc83c4f2c8edf5 installed
forge-srpm-macros-0.4.0-6.el10.noarch 1736711136 39882 4c15475beb02fc0b79b32a58f7d20579 installed
go-srpm-macros-3.6.0-8.el10_1.noarch 1776661389 61920 486e087c6f97797d0d959217e5af047a installed
python-srpm-macros-3.12-10.el10.noarch 1745480896 52539 1a4b5a2ef934ef1fbedee7055d7a82bb installed
redhat-rpm-config-293-1.el10.alma.2.noarch 1773159391 184149 eaeac276eabe4ba8076e4b146a8a3b03 installed
rpm-build-4.19.1.1-20.el10.alma.1.x86_64 1757119484 176853 497e8a9454027b89cfd1d42f05180a8e installed
pyproject-srpm-macros-1.16.2-1.el10.noarch 1734171708 1952 84680c6959ccd04fad334f7441169337 installed
R-srpm-macros-1.3.7-1.el10_1.noarch 1774883190 3626 7efbee9f7bac55a8e7b8ce0455c3c80e installed
epel-rpm-macros-10-7.el10_1.noarch 1774638888 762 5e45b663713b19bd79cf5851e0a76cfc installed
util-linux-2.40.2-15.el10_1.x86_64 1770031709 3885218 9cd95300da2002839bda9e7ef30b8cb9 installed
authselect-1.5.0-8.el10.x86_64 1734027273 156489 3f6fa2fd2b83bc4a477f3f53779fa491 installed
which-2.21-44.el10_0.x86_64 1754377721 85738 e17d66bb6c0f405d416b6a1fdb2c38c4 installed
info-7.1-6.el10.x86_64 1738055043 363386 f0fc5c8361ad821282ebbae9e05dd70d installed
ncurses-6.4-15.20240127.el10_1.x86_64 1774527582 634674 55e486295958eb9b2a451d53a9fd6b28 installed
mailcap-2.1.54-8.el10.noarch 1734130412 88071 ca33e2293c4ef561bf73d66074316716 installed
groff-base-1.23.0-10.el10.x86_64 1734033526 4033062 daa077b8acd443ba18128417cf383036 installed
perl-Digest-SHA-1:6.04-512.el10.x86_64 1734175386 119226 9d62b9b0abefcf4f1ba6a783e58fc507 installed
perl-Digest-1.20-511.el10.noarch 1734171286 36060 84e350b83354754fb4db9f989fd1edf2 installed
perl-Tie-0:4.6-512.2.el10_0.noarch 1753788929 32746 82ab8421c22d6cc88b5e5053fb40f6da installed
perl-GSSAPI-0.28-48.el10.x86_64 1734158812 123499 c5c63ce780a7fb2ae7eab5495b6c568b installed
perl-Digest-HMAC-1.04-12.el10.noarch 1734175046 28690 9f235c035a3b191cf30df698364c1baf installed
perl-Digest-MD5-2.59-6.el10.x86_64 1734173450 61064 876e8386a368a2dc22d1a3adecbfc4d1 installed
perl-B-0:1.89-512.2.el10_0.x86_64 1753788924 505804 c1d337c39fac9ad20e6865cac1bba617 installed
perl-FileHandle-0:2.05-512.2.el10_0.noarch 1753788929 9568 0715f6a6980af952f1e1404a97171019 installed
perl-Authen-SASL-2.1700-5.el10.noarch 1734162825 119078 33a19c373792dfd42f3474468bdb1898 installed
perl-Data-Dumper-2.189-512.el10.x86_64 1734183652 114238 faced24591982d3fdab6fd6b20c5917e installed
perl-libnet-3.15-512.el10.noarch 1734174643 295890 a2ff3aaeed344f3df5d6d26d5d540ea3 installed
perl-AutoLoader-0:5.74-512.2.el10_0.noarch 1753788929 21029 c9c2b14087775d859560d58567b3144a installed
perl-URI-5.27-3.el10.noarch 1734156580 245507 bcc80da914a104f99a236fbd3148fdc9 installed
perl-Text-Tabs+Wrap-2024.001-511.el10.noarch 1734341483 23045 bb4f7ee0a76bd6bff0008c7f7ea17ddf installed
perl-Mozilla-CA-20231213-5.el10.noarch 1734190987 9370 fcc2827c735567d392dc1a8cbd5f510b installed
perl-if-0:0.61.000-512.2.el10_0.noarch 1753788929 5948 037dcd55c5fbf167c60fa93a93156d76 installed
perl-locale-0:1.12-512.2.el10_0.noarch 1753788929 6653 de76473fdf3751c711f3533abc3b49cb installed
perl-IO-Socket-IP-0.42-512.el10.noarch 1734154166 100992 87146e8cf9b3e329da14676afe72987b installed
perl-Time-Local-2:1.350-511.el10.noarch 1734183679 70554 cc36224715c9f9403abd09684bb7888c installed
perl-File-Path-2.18-511.el10.noarch 1734179669 65002 bd88844768ce2c8a76f3430bc290d276 installed
perl-IO-Socket-SSL-2.085-3.el10.noarch 1734155500 701396 24d70970220d04b81c1496c9e3df37f5 installed
perl-Net-SSLeay-1.94-8.el10.x86_64 1749458549 1403892 498665157273eec20f78830f78c3afa9 installed
perl-Pod-Escapes-1:1.07-511.el10.noarch 1734154351 25476 7982187d37301575bdff5a2b93ed2e2b installed
perl-Class-Struct-0:0.68-512.2.el10_0.noarch 1753788929 25968 50fd367e81868049b5e8c20cff8977e4 installed
perl-Term-ANSIColor-5.01-512.el10.noarch 1734159257 99820 3f59f5750e47695e72c427a69baeb499 installed
perl-POSIX-0:2.20-512.2.el10_0.x86_64 1753788924 236577 ceed10e066e6e40991d26ffd10434359 installed
perl-IPC-Open3-0:1.22-512.2.el10_0.noarch 1753788929 22995 91f7326fdb1d474df9d1499c1c67d383 installed
perl-File-Temp-1:0.231.100-512.el10.noarch 1734189983 166172 b9c403d2f298afde7ba7d289ad3ccecf installed
perl-HTTP-Tiny-0.088-512.el10.noarch 1734176231 155788 551cd14802b37aaab28db1f44ac0d083 installed
perl-Term-Cap-1.18-511.el10.noarch 1734161153 29958 74ce648663fe3f11f2ec31fbb83c9621 installed
perl-Pod-Simple-1:3.45-511.el10.noarch 1734160679 573280 51c868bdea985701613896451574c1b6 installed
perl-Socket-4:2.038-511.el10.x86_64 1734172822 126873 3b2866de051147801dd805af63657009 installed
perl-SelectSaver-0:1.02-512.2.el10_0.noarch 1753788929 2220 702708e2d44e95ff69a294501daf7f81 installed
perl-Symbol-0:1.09-512.2.el10_0.noarch 1753788929 6976 7ba058401858f628a8f3089f10dd9599 installed
perl-File-stat-0:1.14-512.2.el10_0.noarch 1753788929 12808 ee631c8dbceefb565063084ac6e4d9ba installed
perl-podlators-1:5.01-511.el10.noarch 1734185791 315477 f2f880e98127591c7639c23580d7a027 installed
perl-Pod-Perldoc-3.28.01-512.el10.noarch 1734158919 166972 81c6fa8231c0d1ea38eefad4425af35d installed
perl-Fcntl-0:1.18-512.2.el10_0.x86_64 1753788924 45991 7436d6ac0e8f5f6f3beb390276edd54e installed
perl-Text-ParseWords-3.31-511.el10.noarch 1734164890 13839 ae1f64f6441e0bba44644eb26cc8bd8c installed
perl-base-0:2.27-512.2.el10_0.noarch 1753788929 12844 5f23690ee799354b8f2c0041c638b2ab installed
perl-mro-0:1.29-512.2.el10_0.x86_64 1753788924 46636 15c9aad4bd90adc59a0f40bb6e289cbf installed
perl-IO-0:1.55-512.2.el10_0.x86_64 1753788924 154607 fb5a5b3244ad31053a6d84d71cf1a4b9 installed
perl-overloading-0:0.02-512.2.el10_0.noarch 1753788929 4961 6264bf684cd188e1130be87dbbda8465 installed
perl-Pod-Usage-4:2.03-511.el10.noarch 1734162375 86712 a893f14f364e0eed2c5531c020028e17 installed
perl-Errno-0:1.38-512.2.el10_0.x86_64 1753788924 8531 3d27b53f0158aa03a570b26c5b4e11e9 installed
perl-File-Basename-0:2.86-512.2.el10_0.noarch 1753788929 14342 f4098dcd9e65a4828832c944cf28fe53 installed
perl-Getopt-Std-0:1.14-512.2.el10_0.noarch 1753788929 11449 eaa4dde4f34ff337ba9e81acbaab49a6 installed
perl-MIME-Base64-3.16-511.el10.x86_64 1734155034 47068 9ad927318b4d079c1d47a9310387216e installed
perl-Scalar-List-Utils-5:1.63-511.el10.x86_64 1734170950 148846 eaecf03182006577a9aefa937c16fa7e installed
perl-constant-1.33-512.el10.noarch 1734163715 26840 a95b3103d5f92c20bbc863e87c11b8ea installed
perl-Storable-1:3.32-511.el10.x86_64 1734178776 237810 a468635449924a8b5fd7d5f732fae705 installed
perl-overload-0:1.37-512.2.el10_0.noarch 1753788929 73252 508ee7e48cf055287b79288f5fe7c00b installed
perl-parent-1:0.241-512.el10.noarch 1734181849 9959 92b831984d7f5e4a405aad7212cb8def installed
perl-vars-0:1.05-512.2.el10_0.noarch 1753788929 3960 e39ccdbf90a868e0bfe3ce2703b427d4 installed
perl-Getopt-Long-1:2.58-3.el10.noarch 1734161264 147853 394d7db4240c4badac89a28e52e7b4cb installed
perl-Carp-1.54-511.el10.noarch 1734187352 47652 bcd5efd9e0cc706f679371d782451e16 installed
perl-Exporter-5.78-511.el10.noarch 1734188924 55539 afc05752788c583eb69d050fa967f371 installed
perl-PathTools-3.91-512.el10.x86_64 1738054644 182916 3b9c3d47e2d5f0a9adf21177e83f17e3 installed
perl-DynaLoader-0:1.56-512.2.el10_0.x86_64 1753788924 32841 ac22b78714982edbc98b55ab1102f0f3 installed
perl-Encode-4:3.21-511.el10.x86_64 1734177504 4930706 ae657f539bb189abb7ac76450c455b88 installed
perl-libs-4:5.40.2-512.2.el10_0.x86_64 1753788924 10249003 d648237bfede7e186de5cf463137d378 installed
perl-interpreter-4:5.40.2-512.2.el10_0.x86_64 1753788924 125194 f5f0d03ea657ebbc94e5b1228d7ff5ac installed
perl-Compress-Raw-Zlib-2.212-512.el10.x86_64 1734162377 166179 b3aa41f891b78d0837e63b05b7827969 installed
perl-LWP-MediaTypes-6.04-19.el10.noarch 1734184629 80823 cf67c26358129df45745922aab62759c installed
perl-macros-4:5.40.2-512.2.el10_0.noarch 1753788929 5643 ba88b26cde1071d2d30865d97a1b038c installed
perl-Clone-0.46-10.el10.x86_64 1734155732 33073 a57901786e013ae7f97e63b9e7ca4ba4 installed
perl-Compress-Raw-Bzip2-2.212-512.el10.x86_64 1734158964 71071 37ed7d1e1508a8e90716689ec462b35f installed
perl-IO-Compress-2.212-512.el10.noarch 1734180884 1065592 5718e3ac895347c915d51b590aac547b installed
perl-Net-HTTP-6.23-6.el10.noarch 1734155986 76321 a14bb0eac4138e671033545cc4f2e95f installed
perl-Convert-ASN1-0.34-5.el10.noarch 1734169626 174018 2043c301160a3b27cd7d9a129886df97 installed
perl-Fedora-VSP-0.001-36.el10.noarch 1734165823 40594 567e3ce0f92dfdecec845c5c9a171693 installed
perl-File-Copy-0:2.41-512.2.el10_0.noarch 1753788929 20089 8a6ce299cbd49a7580ece68038896e6e installed
perl-HTML-Tagset-3.20-59.el10.noarch 1734164984 18785 04dab2c95e2115e2d91a5cc0bbdf351c installed
perl-I18N-Langinfo-0:0.24-512.2.el10_0.x86_64 1753788924 39618 117f6439abb18e6e3e834354d367b0cb installed
perl-Encode-Locale-1.05-31.el10.noarch 1734183458 19462 eb61e56e63cfefbc4294927f16e0817a installed
perl-IO-HTML-1.004-14.el10.noarch 1734185781 46206 961e1138928b7de6528bbb74c2f41020 installed
perl-Math-Complex-0:1.62-512.2.el10_0.noarch 1753788929 86995 f812f787d4dfaa3a5ce1586c07a5088d installed
perl-Math-BigInt-1:2.0030.03-3.el10.noarch 1734163476 980465 d497311b492d53f0c3ce3ed13b3b5bc0 installed
perl-JSON-4.10-7.el10.noarch 1734175858 276801 1a82a48a7701d77beaf8232f2da1f807 installed
perl-Module-Load-1:0.36-511.el10.noarch 1734178998 15187 6c00b49abf427654b8e95ab493ec5f75 installed
perl-NTLM-1.09-41.el10.noarch 1734154749 31916 b3c749609ad6f77b0d4b81c8ff8935f2 installed
perl-Text-Unidecode-1.30-27.el10.noarch 1734170590 459427 48da5237127d9b6f5f08da3170836938 installed
perl-TimeDate-1:2.33-16.el10.noarch 1734185462 97277 c5419c5a88880a17e471af9bb84c2393 installed
perl-HTTP-Date-6.06-6.el10.noarch 1734170407 42112 835342c02a919676c8c891f2047a8145 installed
perl-HTTP-Message-6.45-5.el10.noarch 1734350478 219770 6b922f6409d8367e70568ae295ca0678 installed
perl-HTTP-Negotiate-6.01-40.el10.noarch 1734174288 28259 ef0ce64dce13f12fcdde4f26ddca9ea9 installed
perl-HTML-Parser-3.82-3.el10.x86_64 1734162341 287308 6a96d4758c4a4a395837532ff831bb6f installed
perl-HTTP-Cookies-6.11-5.el10.noarch 1734166940 75051 5718197f0f8dd066d5a13c9526bc07a7 installed
perl-File-Listing-6.16-5.el10.noarch 1734175159 42125 394419b930f9ed49d9e9b2c0f120a4b5 installed
perl-Try-Tiny-0.31-12.el10.noarch 1734189376 68524 d376e12c9ed0628f416fbf33384abb6a installed
perl-WWW-RobotRules-6.02-41.el10.noarch 1734169193 24844 c0847d764c2113045a6c11a75c41e6a1 installed
perl-deprecate-0:0.04-512.2.el10_0.noarch 1753788929 6698 1eaf3633dd2df57efe561c89e51561ac installed
perl-Text-Soundex-3.05-33.el10.x86_64 1734166182 51932 058347d5aab53e7e5b28b074e4de1bc7 installed
perl-subs-0:1.04-512.2.el10_0.noarch 1753788929 2143 bbf4564e5f5325f1052257d872034e43 installed
perl-Data-Dump-1.25-13.el10.noarch 1734184164 51318 345fab65feb75e0d083301f61896860e installed
perl-libwww-perl-6.76-3.el10.noarch 1734176628 531989 ab4871fc90becb5ce02e2d5b55709bf6 installed
perl-Digest-MD4-1.9-41.el10_0.x86_64 1725186446 68706 4496d28c4225a82349a576bca12b3057 installed
perl-Crypt-SmbHash-0.12-48.el10.noarch 1777300004 24161 9f4da4e811df5b9711b620806bf20de0 installed
perl-LDAP-1:0.68-16.el10.noarch 1734182698 958337 6a18c2691944a6f33d9831440faf3354 installed
perl-generators-1.16-7.el10.noarch 1734167356 22305 83b9a808963e0a0cd9570b2558c5e8a4 installed
perl-English-0:1.11-512.2.el10_0.noarch 1753788929 6352 57c83e1606402a8aa46c173a93ed7ebb installed
perl-FindBin-0:1.54-512.2.el10_0.noarch 1753788929 6874 8ea462798b2ce7b1c1881c983dc9ed46 installed
openssl-1:3.5.1-7.el10_1.alma.1.x86_64 1769598806 1903643 06ab5bcbd59a7ba885c1528cbf936df8 installed
make-1:4.4.1-9.el10.x86_64 1734102928 1880255 c5424038bde4ef1359a4b6ea67274eb0 installed
